
> ai-stock-dashboard-railway@1.0.0 dev:server
> nodemon server/index.js

[33m[nodemon] 3.1.14[39m
[33m[nodemon] to restart at any time, enter `rs`[39m
[33m[nodemon] watching path(s): *.*[39m
[33m[nodemon] watching extensions: js,mjs,cjs,json[39m
[32m[nodemon] starting `node server/index.js`[39m
Server running on port 3000
[32m[nodemon] restarting due to changes...[39m
[32m[nodemon] starting `node server/index.js`[39m
Server running on port 3000
[32m[nodemon] restarting due to changes...[39m
[32m[nodemon] starting `node server/index.js`[39m
file:///D:/code/ai-stock-dashboard-railway/server/smartScreener.js:30
import { execSync } from "child_process";
         ^^^^^^^^

SyntaxError: Identifier 'execSync' has already been declared
    at compileSourceTextModule (node:internal/modules/esm/utils:318:16)
    at ModuleLoader.moduleStrategy (node:internal/modules/esm/translators:99:18)
    at #translate (node:internal/modules/esm/loader:473:20)
    at afterLoad (node:internal/modules/esm/loader:529:29)
    at ModuleLoader.loadAndTranslate (node:internal/modules/esm/loader:534:12)
    at #getOrCreateModuleJobAfterResolve (node:internal/modules/esm/loader:577:36)
    at afterResolve (node:internal/modules/esm/loader:625:52)
    at ModuleLoader.getOrCreateModuleJob (node:internal/modules/esm/loader:631:12)
    at ModuleJob.syncLink (node:internal/modules/esm/module_job:160:33)
    at ModuleJob.link (node:internal/modules/esm/module_job:245:17)

Node.js v24.14.0
[31m[nodemon] app crashed - waiting for file changes before starting...[39m
[32m[nodemon] restarting due to changes...[39m
[32m[nodemon] starting `node server/index.js`[39m
Server running on port 3000
[32m[nodemon] restarting due to changes...[39m
[32m[nodemon] starting `node server/index.js`[39m
Server running on port 3000
[32m[nodemon] restarting due to changes...[39m
[32m[nodemon] starting `node server/index.js`[39m
Server running on port 3000
[32m[nodemon] restarting due to changes...[39m
[32m[nodemon] starting `node server/index.js`[39m
Server running on port 3000
